// Vitest Snapshot v1, https://vitest.dev/guide/snapshot.html

exports[`suppressDisturbance > snapshot — full suppression pipeline output 1`] = `
[
  {
    "bearing": 45,
    "center": [
      0,
      52,
    ],
    "confidence": "Medium",
    "disturbanceReason": "Systematic Parallelism (Drainage/Plough)",
    "disturbanceRisk": "High",
    "findPotential": 48,
    "id": "snap-a",
    "isProtected": false,
    "maxX": 1,
    "maxY": 1,
    "metrics": {
      "area": 500,
      "circularity": 0.1,
      "density": 0.3,
      "ratio": 5.5,
    },
    "minX": 0,
    "minY": 0,
    "number": 1,
    "points": [],
    "polarity": "Raised",
    "score": 50,
    "signalBreakdown": {
      "disturbance": 80,
      "hydrology": 0,
      "spectral": 0,
      "terrain": 65,
    },
    "source": "terrain",
    "sources": [
      "terrain",
    ],
    "suppressedBy": [
      "systematic_parallelism",
    ],
    "type": "Ring Ditch",
  },
  {
    "bearing": 45,
    "center": [
      0.0005,
      52,
    ],
    "confidence": "Medium",
    "disturbanceReason": "Systematic Parallelism (Drainage/Plough)",
    "disturbanceRisk": "High",
    "findPotential": 48,
    "id": "snap-b",
    "isProtected": false,
    "maxX": 1,
    "maxY": 1,
    "metrics": {
      "area": 500,
      "circularity": 0.1,
      "density": 0.3,
      "ratio": 5.5,
    },
    "minX": 0,
    "minY": 0,
    "number": 1,
    "points": [],
    "polarity": "Raised",
    "score": 50,
    "signalBreakdown": {
      "disturbance": 80,
      "hydrology": 0,
      "spectral": 0,
      "terrain": 65,
    },
    "source": "terrain",
    "sources": [
      "terrain",
    ],
    "suppressedBy": [
      "systematic_parallelism",
    ],
    "type": "Ring Ditch",
  },
  {
    "bearing": 45,
    "center": [
      0.001,
      52,
    ],
    "confidence": "Medium",
    "disturbanceReason": "Systematic Parallelism (Drainage/Plough)",
    "disturbanceRisk": "High",
    "findPotential": 48,
    "id": "snap-c",
    "isProtected": false,
    "maxX": 1,
    "maxY": 1,
    "metrics": {
      "area": 500,
      "circularity": 0.1,
      "density": 0.3,
      "ratio": 5.5,
    },
    "minX": 0,
    "minY": 0,
    "number": 1,
    "points": [],
    "polarity": "Raised",
    "score": 50,
    "signalBreakdown": {
      "disturbance": 80,
      "hydrology": 0,
      "spectral": 0,
      "terrain": 65,
    },
    "source": "terrain",
    "sources": [
      "terrain",
    ],
    "suppressedBy": [
      "systematic_parallelism",
    ],
    "type": "Ring Ditch",
  },
]
`;
